AvantGarde-Book				001-050/004/agw_____.afm
AvantGarde-BookOblique				001-050/004/agwo____.afm
AvantGarde-Demi				001-050/004/agd_____.afm
AvantGarde-DemiOblique				001-050/004/agdo____.afm
Bookman-Demi				001-050/002/bkd_____.afm
Bookman-DemiItalic				001-050/002/bkdi____.afm
Bookman-Light				001-050/002/bkl_____.afm
Bookman-LightItalic				001-050/002/bkli____.afm
Courier				900-960/950/com_____.afm
Courier-Bold				900-960/950/cob_____.afm
Courier-BoldOblique				900-960/950/cobo____.afm
Courier-Oblique				900-960/950/coo_____.afm
Helvetica				900-960/950/hv______.afm
Helvetica-Bold				900-960/902/hvb_____.afm
Helvetica-BoldOblique				900-960/902/hvbo____.afm
Helvetica-Narrow				900-960/902/hvn_____.afm
Helvetica-Narrow-Bold				900-960/902/hvnb____.afm
Helvetica-Narrow-BoldOblique				900-960/902/hvnbo___.afm
Helvetica-Narrow-Oblique				900-960/902/hvno____.afm
Helvetica-Oblique				900-960/902/hvo_____.afm
NewCenturySchlbk-Bold				001-050/005/ncb_____.afm
NewCenturySchlbk-BoldItalic				001-050/005/ncbi____.afm
NewCenturySchlbk-Italic				001-050/005/nci_____.afm
NewCenturySchlbk-Roman				001-050/005/ncr_____.afm
Palatino-Bold				001-050/001/pob_____.afm
Palatino-BoldItalic				001-050/001/pobi____.afm
Palatino-Italic				001-050/001/poi_____.afm
Palatino-Roman				001-050/001/por_____.afm
Symbol				900-960/950/sy______.afm
Times-Bold				900-960/902/tib_____.afm
Times-BoldItalic				900-960/902/tibi____.afm
Times-Italic				900-960/902/tii_____.afm
Times-Roman				900-960/902/tir_____.afm
ZapfChancery-MediumItalic				001-050/003/zcmi____.afm
ZapfDingbats				001-050/003/zd______.afm
